O win
Draw
X win
Draw
X win
X win
X win
X win
X win
Draw
