O win
Draw
X win
Draw
X win
Draw
Draw
Draw
X win
Draw
O win
X win
X win
Draw
X win
Draw
Draw
Draw
X win
Draw
