1
4
0
4
3
1
1
12
1
12
12
8
5
12
1
8
9
16
1
2
16
16
15
16
1
8
1
10
21
23
18
24
1
23
25
25
11
